// Jest Snapshot v1, https://goo.gl/fbAQLP

exports[`Orders should match the snapshot 1`] = `
<section>
  <div
    className="order"
  >
    <h3>
      Ayla
    </h3>
    <ul
      className="ingredient-list"
    >
      <li
        key="pineapple"
      >
        pineapple
      </li>
      <li
        key="cucumber"
      >
        cucumber
      </li>
      <li
        key="mayo"
      >
        mayo
      </li>
    </ul>
  </div>
  <div
    className="order"
  >
    <h3>
      tina
    </h3>
    <ul
      className="ingredient-list"
    >
      <li
        key="poodles"
      >
        poodles
      </li>
      <li
        key="cattle"
      >
        cattle
      </li>
      <li
        key="mayo"
      >
        mayo
      </li>
    </ul>
  </div>
</section>
`;
